// Jest Snapshot v1, https://goo.gl/fbAQLP

exports[`Compiler Default 1`] = `"export default 42"`;
